maze.csv                 depot_only           seed   1  makespan    4044  uptime 0.683  detour  27.5%  [ok]  (0.02s)
maze.csv                 depot_only           seed   2  makespan    4276  uptime 0.734  detour  16.7%  [ok]  (0.02s)
maze.csv                 depot_only           seed   3  makespan    2994  uptime 0.831  detour  12.6%  [ok]  (0.02s)
maze.csv                 depot_only           seed   4  makespan    4222  uptime 0.697  detour  22.4%  [ok]  (0.02s)
maze.csv                 depot_only           seed   5  makespan    3865  uptime 0.723  detour  17.5%  [ok]  (0.02s)
maze.csv                 depot_only           seed   6  makespan    2870  uptime 0.873  detour   8.3%  [ok]  (0.01s)
maze.csv                 depot_only           seed   7  makespan    3045  uptime 0.906  detour   6.1%  [ok]  (0.01s)
maze.csv                 depot_only           seed   8  makespan    3754  uptime 0.734  detour  12.0%  [ok]  (0.02s)
maze.csv                 depot_only           seed   9  makespan    4449  uptime 0.673  detour  24.7%  [ok]  (0.02s)
maze.csv                 depot_only           seed  10  makespan    4513  uptime 0.670  detour  25.7%  [ok]  (0.02s)
maze.csv                 depot_only           seed  11  makespan    3574  uptime 0.736  detour  14.4%  [ok]  (0.02s)
maze.csv                 depot_only           seed  12  makespan    3921  uptime 0.723  detour  18.2%  [ok]  (0.02s)
maze.csv                 depot_only           seed  13  makespan    2980  uptime 0.824  detour  12.4%  [ok]  (0.01s)
maze.csv                 depot_only           seed  14  makespan    3917  uptime 0.721  detour  18.0%  [ok]  (0.02s)
maze.csv                 depot_only           seed  15  makespan    3397  uptime 0.740  detour  15.5%  [ok]  (0.02s)
maze.csv                 depot_only           seed  16  makespan    4518  uptime 0.676  detour  20.6%  [ok]  (0.02s)
maze.csv                 depot_only           seed  17  makespan    4277  uptime 0.740  detour  21.5%  [ok]  (0.02s)
maze.csv                 depot_only           seed  18  makespan    4629  uptime 0.735  detour  16.8%  [ok]  (0.02s)
maze.csv                 depot_only           seed  19  makespan    4389  uptime 0.674  detour  19.9%  [ok]  (0.02s)
maze.csv                 depot_only           seed  20  makespan    4162  uptime 0.666  detour  17.4%  [ok]  (0.02s)
maze.csv                 depot_only           seed  21  makespan    4337  uptime 0.737  detour  18.5%  [ok]  (0.02s)
maze.csv                 depot_only           seed  22  makespan    4395  uptime 0.723  detour  23.4%  [ok]  (0.02s)
maze.csv                 depot_only           seed  23  makespan    4097  uptime 0.760  detour  16.4%  [ok]  (0.02s)
maze.csv                 depot_only           seed  24  makespan    2923  uptime 0.854  detour   9.3%  [ok]  (0.02s)
maze.csv                 depot_only           seed  25  makespan    4452  uptime 0.726  detour  22.4%  [ok]  (0.02s)
maze.csv                 depot_only           seed  26  makespan    2981  uptime 0.839  detour   9.6%  [ok]  (0.02s)
maze.csv                 depot_only           seed  27  makespan    3865  uptime 0.769  detour  15.8%  [ok]  (0.02s)
maze.csv                 depot_only           seed  28  makespan    2927  uptime 0.866  detour   9.7%  [ok]  (0.02s)
maze.csv                 depot_only           seed  29  makespan    3862  uptime 0.712  detour  20.2%  [ok]  (0.02s)
maze.csv                 depot_only           seed  30  makespan    3686  uptime 0.779  detour  12.4%  [ok]  (0.02s)
maze.csv                 fixed_station_evrp   seed   1  makespan    3546  uptime 0.755  detour  16.4%  [ok]  (0.02s)
maze.csv                 fixed_station_evrp   seed   2  makespan    3488  uptime 0.803  detour  12.1%  [ok]  (0.02s)
maze.csv                 fixed_station_evrp   seed   3  makespan    2994  uptime 0.831  detour  12.6%  [ok]  (0.02s)
maze.csv                 fixed_station_evrp   seed   4  makespan    3627  uptime 0.764  detour  16.9%  [ok]  (0.02s)
maze.csv                 fixed_station_evrp   seed   5  makespan    3661  uptime 0.707  detour  16.1%  [ok]  (0.02s)
maze.csv                 fixed_station_evrp   seed   6  makespan    2870  uptime 0.873  detour   8.3%  [ok]  (0.02s)
maze.csv                 fixed_station_evrp   seed   7  makespan    3545  uptime 0.781  detour   9.3%  [ok]  (0.02s)
maze.csv                 fixed_station_evrp   seed   8  makespan    3253  uptime 0.785  detour  12.6%  [ok]  (0.02s)
maze.csv                 fixed_station_evrp   seed   9  makespan    3858  uptime 0.763  detour  16.4%  [ok]  (0.03s)
maze.csv                 fixed_station_evrp   seed  10  makespan    3959  uptime 0.683  detour  23.7%  [ok]  (0.03s)
maze.csv                 fixed_station_evrp   seed  11  makespan    3202  uptime 0.771  detour  15.0%  [ok]  (0.02s)
maze.csv                 fixed_station_evrp   seed  12  makespan    3540  uptime 0.740  detour  15.2%  [ok]  (0.02s)
maze.csv                 fixed_station_evrp   seed  13  makespan    2980  uptime 0.824  detour  12.4%  [ok]  (0.02s)
maze.csv                 fixed_station_evrp   seed  14  makespan    3801  uptime 0.714  detour  15.3%  [ok]  (0.03s)
maze.csv                 fixed_station_evrp   seed  15  makespan    3196  uptime 0.757  detour  15.5%  [ok]  (0.02s)
maze.csv                 fixed_station_evrp   seed  16  makespan    3514  uptime 0.795  detour  13.4%  [ok]  (0.02s)
maze.csv                 fixed_station_evrp   seed  17  makespan    3955  uptime 0.698  detour  20.0%  [ok]  (0.02s)
maze.csv                 fixed_station_evrp   seed  18  makespan    4629  uptime 0.647  detour  18.4%  [ok]  (0.02s)
maze.csv                 fixed_station_evrp   seed  19  makespan    3428  uptime 0.791  detour  13.8%  [ok]  (0.02s)
maze.csv                 fixed_station_evrp   seed  20  makespan    3549  uptime 0.731  detour  16.6%  [ok]  (0.02s)
maze.csv                 fixed_station_evrp   seed  21  makespan    3670  uptime 0.805  detour  10.6%  [ok]  (0.03s)
maze.csv                 fixed_station_evrp   seed  22  makespan    3723  uptime 0.727  detour  17.0%  [ok]  (0.02s)
maze.csv                 fixed_station_evrp   seed  23  makespan    3723  uptime 0.809  detour  11.1%  [ok]  (0.02s)
maze.csv                 fixed_station_evrp   seed  24  makespan    2923  uptime 0.854  detour   9.3%  [ok]  (0.02s)
maze.csv                 fixed_station_evrp   seed  25  makespan    4213  uptime 0.709  detour  18.7%  [ok]  (0.03s)
maze.csv                 fixed_station_evrp   seed  26  makespan    2981  uptime 0.839  detour   9.6%  [ok]  (0.02s)
maze.csv                 fixed_station_evrp   seed  27  makespan    3317  uptime 0.822  detour  10.2%  [ok]  (0.02s)
maze.csv                 fixed_station_evrp   seed  28  makespan    2927  uptime 0.866  detour   9.7%  [ok]  (0.02s)
maze.csv                 fixed_station_evrp   seed  29  makespan    3805  uptime 0.685  detour  19.0%  [ok]  (0.02s)
maze.csv                 fixed_station_evrp   seed  30  makespan    3311  uptime 0.782  detour  12.4%  [ok]  (0.03s)
maze.csv                 reactive_drone       seed   1  makespan    3512  uptime 0.783  detour  13.6%  [ok]  (0.01s)
maze.csv                 reactive_drone       seed   2  makespan    3435  uptime 0.858  detour   5.7%  [ok]  (0.01s)
maze.csv                 reactive_drone       seed   3  makespan    2994  uptime 0.831  detour  12.6%  [ok]  (0.01s)
maze.csv                 reactive_drone       seed   4  makespan    3514  uptime 0.781  detour  12.3%  [ok]  FUEL<0 x1  (0.01s)
maze.csv                 reactive_drone       seed   5  makespan    3393  uptime 0.790  detour  10.4%  [ok]  (0.01s)
maze.csv                 reactive_drone       seed   6  makespan    2870  uptime 0.873  detour   8.3%  [ok]  (0.01s)
maze.csv                 reactive_drone       seed   7  makespan    3045  uptime 0.906  detour   6.1%  [ok]  (0.01s)
maze.csv                 reactive_drone       seed   8  makespan    3050  uptime 0.878  detour   7.8%  [ok]  (0.01s)
maze.csv                 reactive_drone       seed   9  makespan    3739  uptime 0.805  detour   9.6%  [ok]  (0.01s)
maze.csv                 reactive_drone       seed  10  makespan    3631  uptime 0.779  detour  14.8%  [ok]  (0.01s)
maze.csv                 reactive_drone       seed  11  makespan    3226  uptime 0.804  detour  10.7%  [ok]  (0.01s)
maze.csv                 reactive_drone       seed  12  makespan    3339  uptime 0.796  detour  10.8%  [ok]  (0.01s)
maze.csv                 reactive_drone       seed  13  makespan    2980  uptime 0.824  detour  12.4%  [ok]  (0.01s)
maze.csv                 reactive_drone       seed  14  makespan    3456  uptime 0.774  detour  11.2%  [ok]  FUEL<0 x1  (0.01s)
maze.csv                 reactive_drone       seed  15  makespan    3046  uptime 0.813  detour  13.5%  [ok]  (0.01s)
maze.csv                 reactive_drone       seed  16  makespan    3399  uptime 0.824  detour   8.3%  [ok]  (0.01s)
maze.csv                 reactive_drone       seed  17  makespan    3568  uptime 0.797  detour  11.7%  [ok]  (0.01s)
maze.csv                 reactive_drone       seed  18  makespan    3626  uptime 0.850  detour   6.0%  [ok]  (0.01s)
maze.csv                 reactive_drone       seed  19  makespan    3448  uptime 0.826  detour   7.9%  [ok]  (0.01s)
maze.csv                 reactive_drone       seed  20  makespan    3355  uptime 0.812  detour   8.5%  [ok]  FUEL<0 x1  (0.01s)
maze.csv                 reactive_drone       seed  21  makespan    3570  uptime 0.838  detour   6.8%  [ok]  (0.01s)
maze.csv                 reactive_drone       seed  22  makespan    3571  uptime 0.781  detour  12.9%  [ok]  (0.01s)
maze.csv                 reactive_drone       seed  23  makespan    3511  uptime 0.855  detour   5.7%  [ok]  (0.01s)
maze.csv                 reactive_drone       seed  24  makespan    2923  uptime 0.854  detour   9.3%  [ok]  (0.01s)
maze.csv                 reactive_drone       seed  25  makespan    3683  uptime 0.806  detour  11.0%  [ok]  (0.01s)
maze.csv                 reactive_drone       seed  26  makespan    2981  uptime 0.839  detour   9.6%  [ok]  (0.01s)
maze.csv                 reactive_drone       seed  27  makespan    3327  uptime 0.864  detour   4.1%  [ok]  (0.01s)
maze.csv                 reactive_drone       seed  28  makespan    2927  uptime 0.866  detour   9.7%  [ok]  (0.01s)
maze.csv                 reactive_drone       seed  29  makespan    3331  uptime 0.780  detour  13.2%  [ok]  FUEL<0 x1  (0.01s)
maze.csv                 reactive_drone       seed  30  makespan    3268  uptime 0.835  detour   7.1%  [ok]  (0.01s)
maze.csv                 proactive_fuel       seed   1  makespan    3487  uptime 0.789  detour  13.6%  [ok]  (0.06s)
maze.csv                 proactive_fuel       seed   2  makespan    3417  uptime 0.863  detour   5.7%  [ok]  (0.02s)
maze.csv                 proactive_fuel       seed   3  makespan    2994  uptime 0.831  detour  12.6%  [ok]  (0.02s)
maze.csv                 proactive_fuel       seed   4  makespan    3477  uptime 0.789  detour  12.3%  [ok]  (0.02s)
maze.csv                 proactive_fuel       seed   5  makespan    3367  uptime 0.797  detour  10.4%  [ok]  (0.02s)
maze.csv                 proactive_fuel       seed   6  makespan    2870  uptime 0.873  detour   8.3%  [ok]  (0.02s)
maze.csv                 proactive_fuel       seed   7  makespan    3192  uptime 0.865  detour   6.1%  [ok]  (0.02s)
maze.csv                 proactive_fuel       seed   8  makespan    3190  uptime 0.839  detour   7.8%  [ok]  (0.02s)
maze.csv                 proactive_fuel       seed   9  makespan    3704  uptime 0.813  detour   9.6%  [ok]  (0.02s)
maze.csv                 proactive_fuel       seed  10  makespan    3603  uptime 0.785  detour  14.8%  [ok]  (0.02s)
maze.csv                 proactive_fuel       seed  11  makespan    3187  uptime 0.814  detour  10.7%  [ok]  (0.02s)
maze.csv                 proactive_fuel       seed  12  makespan    3314  uptime 0.802  detour  10.8%  [ok]  (0.02s)
maze.csv                 proactive_fuel       seed  13  makespan    2980  uptime 0.824  detour  12.4%  [ok]  (0.02s)
maze.csv                 proactive_fuel       seed  14  makespan    3363  uptime 0.795  detour  11.2%  [ok]  (0.02s)
maze.csv                 proactive_fuel       seed  15  makespan    3191  uptime 0.776  detour  13.5%  [ok]  (0.02s)
maze.csv                 proactive_fuel       seed  16  makespan    3376  uptime 0.830  detour   8.3%  [ok]  (0.02s)
maze.csv                 proactive_fuel       seed  17  makespan    3543  uptime 0.803  detour  11.7%  [ok]  (0.02s)
maze.csv                 proactive_fuel       seed  18  makespan    3603  uptime 0.855  detour   6.0%  [ok]  (0.02s)
maze.csv                 proactive_fuel       seed  19  makespan    3420  uptime 0.832  detour   7.9%  [ok]  (0.02s)
maze.csv                 proactive_fuel       seed  20  makespan    3311  uptime 0.823  detour   8.5%  [ok]  (0.01s)
maze.csv                 proactive_fuel       seed  21  makespan    3543  uptime 0.844  detour   6.8%  [ok]  (0.02s)
maze.csv                 proactive_fuel       seed  22  makespan    3541  uptime 0.788  detour  12.9%  [ok]  (0.02s)
maze.csv                 proactive_fuel       seed  23  makespan    3490  uptime 0.861  detour   5.7%  [ok]  (0.02s)
maze.csv                 proactive_fuel       seed  24  makespan    2923  uptime 0.854  detour   9.3%  [ok]  (0.02s)
maze.csv                 proactive_fuel       seed  25  makespan    3662  uptime 0.811  detour  11.0%  [ok]  (0.02s)
maze.csv                 proactive_fuel       seed  26  makespan    2981  uptime 0.839  detour   9.6%  [ok]  (0.02s)
maze.csv                 proactive_fuel       seed  27  makespan    3312  uptime 0.869  detour   4.1%  [ok]  (0.02s)
maze.csv                 proactive_fuel       seed  28  makespan    2927  uptime 0.866  detour   9.7%  [ok]  (0.02s)
maze.csv                 proactive_fuel       seed  29  makespan    3312  uptime 0.785  detour  13.2%  [ok]  (0.02s)
maze.csv                 proactive_fuel       seed  30  makespan    3235  uptime 0.844  detour   7.1%  [ok]  (0.02s)

====================================================================================================
metric                              depot_onlyfixed_station_evrp    reactive_drone    proactive_fuel
----------------------------------------------------------------------------------------------------
makespan                         3844.0±576.2      3506.3±409.4      3323.9±258.9      3317.2±235.4 
total_truck_distance            10377.9±1443.1     9407.6±816.0      9088.2±543.7      9089.6±544.5 
active_distance                  8562.2±790.6      8045.4±519.4      8203.5±544.4      8205.0±545.6 
detour_distance                  1815.7±773.0      1362.2±450.3       884.6±268.9       884.6±268.9 
detour_percentage                  16.9±5.4          14.3±3.7           9.7±2.8           9.7±2.8   
uptime_ratio                        0.8±0.1           0.8±0.1           0.8±0.0           0.8±0.0   
hold_frames                         0.0±0.0         250.0±164.0       311.5±234.2       295.4±172.9 
stranded_frames                     0.0±0.0           0.0±0.0          29.4±77.9          0.0±0.0   
total_swaps                         0.0±0.0           1.7±1.1           1.8±1.3           2.1±1.2   
drone_flight_distance               0.0±0.0           0.0±0.0         991.4±916.7       416.9±340.3 
drone_energy                        0.0±0.0           0.0±0.0        1189.7±1100.1      500.3±408.3 
drone_efficiency_percentage         0.0±0.0           0.0±0.0         374.0±307.4      1350.3±1169.8
max_route_length                 3123.8±186.4      3123.8±186.4      3123.8±186.4      3123.8±186.4 
completed/30                                30                30                30                30
fuel_violations                              0                 0                 4                 0
strand_events                                0                 0                 4                 0
====================================================================================================

Per-run rows written to results/paired_3trucks/benchmark_results.csv
