maze.csv                 depot_only           seed   1  makespan    5330  uptime 0.779  detour  16.5%  [ok]  (0.02s)
maze.csv                 depot_only           seed   2  makespan    5275  uptime 0.825  detour  13.5%  [ok]  (0.02s)
maze.csv                 depot_only           seed   3  makespan    5034  uptime 0.805  detour  16.1%  [ok]  (0.02s)
maze.csv                 depot_only           seed   4  makespan    5265  uptime 0.811  detour  14.7%  [ok]  (0.02s)
maze.csv                 depot_only           seed   5  makespan    5037  uptime 0.820  detour  15.1%  [ok]  (0.02s)
maze.csv                 depot_only           seed   6  makespan    4851  uptime 0.807  detour  14.5%  [ok]  (0.02s)
maze.csv                 depot_only           seed   7  makespan    5039  uptime 0.749  detour  19.6%  [ok]  (0.02s)
maze.csv                 depot_only           seed   8  makespan    5269  uptime 0.783  detour  18.0%  [ok]  (0.02s)
maze.csv                 depot_only           seed   9  makespan    5323  uptime 0.847  detour  11.4%  [ok]  (0.02s)
maze.csv                 depot_only           seed  10  makespan    5797  uptime 0.778  detour  17.4%  [ok]  (0.02s)
maze.csv                 depot_only           seed  11  makespan    4976  uptime 0.727  detour  20.5%  [ok]  (0.02s)
maze.csv                 depot_only           seed  12  makespan    5318  uptime 0.751  detour  21.0%  [ok]  (0.02s)
maze.csv                 depot_only           seed  13  makespan    4856  uptime 0.770  detour  16.7%  [ok]  (0.02s)
maze.csv                 depot_only           seed  14  makespan    5325  uptime 0.796  detour  14.8%  [ok]  (0.02s)
maze.csv                 depot_only           seed  15  makespan    4684  uptime 0.764  detour  20.9%  [ok]  (0.02s)
maze.csv                 depot_only           seed  16  makespan    5569  uptime 0.759  detour  18.3%  [ok]  (0.02s)
maze.csv                 depot_only           seed  17  makespan    5625  uptime 0.812  detour  14.1%  [ok]  (0.02s)
maze.csv                 depot_only           seed  18  makespan    5741  uptime 0.790  detour  14.2%  [ok]  (0.02s)
maze.csv                 depot_only           seed  19  makespan    6145  uptime 0.745  detour  15.2%  [ok]  (0.02s)
maze.csv                 depot_only           seed  20  makespan    5096  uptime 0.768  detour  17.6%  [ok]  (0.02s)
maze.csv                 depot_only           seed  21  makespan    5919  uptime 0.781  detour  14.0%  [ok]  (0.02s)
maze.csv                 depot_only           seed  22  makespan    5448  uptime 0.776  detour  15.5%  [ok]  (0.02s)
maze.csv                 depot_only           seed  23  makespan    5673  uptime 0.814  detour  10.7%  [ok]  (0.02s)
maze.csv                 depot_only           seed  24  makespan    4919  uptime 0.781  detour  16.6%  [ok]  (0.02s)
maze.csv                 depot_only           seed  25  makespan    5980  uptime 0.776  detour  17.2%  [ok]  (0.02s)
maze.csv                 depot_only           seed  26  makespan    5449  uptime 0.731  detour  19.9%  [ok]  (0.02s)
maze.csv                 depot_only           seed  27  makespan    5861  uptime 0.736  detour  19.3%  [ok]  (0.02s)
maze.csv                 depot_only           seed  28  makespan    4860  uptime 0.803  detour  14.8%  [ok]  (0.02s)
maze.csv                 depot_only           seed  29  makespan    5209  uptime 0.789  detour  14.4%  [ok]  (0.02s)
maze.csv                 depot_only           seed  30  makespan    5270  uptime 0.783  detour  17.1%  [ok]  (0.02s)
maze.csv                 fixed_station_evrp   seed   1  makespan    4602  uptime 0.829  detour  11.2%  [ok]  (0.03s)
maze.csv                 fixed_station_evrp   seed   2  makespan    5192  uptime 0.776  detour  13.1%  [ok]  (0.03s)
maze.csv                 fixed_station_evrp   seed   3  makespan    4827  uptime 0.831  detour   9.6%  [ok]  (0.03s)
maze.csv                 fixed_station_evrp   seed   4  makespan    5265  uptime 0.790  detour  13.0%  [ok]  (0.03s)
maze.csv                 fixed_station_evrp   seed   5  makespan    4832  uptime 0.822  detour   9.9%  [ok]  (0.03s)
maze.csv                 fixed_station_evrp   seed   6  makespan    4653  uptime 0.777  detour  11.7%  [ok]  (0.03s)
maze.csv                 fixed_station_evrp   seed   7  makespan    4425  uptime 0.776  detour  13.2%  [ok]  (0.02s)
maze.csv                 fixed_station_evrp   seed   8  makespan    4710  uptime 0.765  detour  15.0%  [ok]  (0.03s)
maze.csv                 fixed_station_evrp   seed   9  makespan    4951  uptime 0.853  detour   7.1%  [ok]  (0.03s)
maze.csv                 fixed_station_evrp   seed  10  makespan    5505  uptime 0.817  detour  12.6%  [ok]  (0.03s)
maze.csv                 fixed_station_evrp   seed  11  makespan    4186  uptime 0.800  detour  12.2%  [ok]  (0.03s)
maze.csv                 fixed_station_evrp   seed  12  makespan    5149  uptime 0.746  detour  19.5%  [ok]  (0.03s)
maze.csv                 fixed_station_evrp   seed  13  makespan    4535  uptime 0.783  detour  13.7%  [ok]  (0.03s)
maze.csv                 fixed_station_evrp   seed  14  makespan    5325  uptime 0.774  detour  14.2%  [ok]  (0.03s)
maze.csv                 fixed_station_evrp   seed  15  makespan    4680  uptime 0.749  detour  17.9%  [ok]  (0.03s)
maze.csv                 fixed_station_evrp   seed  16  makespan    4774  uptime 0.809  detour  10.2%  [ok]  (0.03s)
maze.csv                 fixed_station_evrp   seed  17  makespan    5380  uptime 0.788  detour  13.3%  [ok]  (0.03s)
maze.csv                 fixed_station_evrp   seed  18  makespan    5741  uptime 0.755  detour  13.3%  [ok]  (0.03s)
maze.csv                 fixed_station_evrp   seed  19  makespan    4890  uptime 0.841  detour   8.5%  [ok]  (0.03s)
maze.csv                 fixed_station_evrp   seed  20  makespan    4715  uptime 0.758  detour  15.7%  [ok]  (0.03s)
maze.csv                 fixed_station_evrp   seed  21  makespan    5396  uptime 0.804  detour   9.7%  [ok]  (0.03s)
maze.csv                 fixed_station_evrp   seed  22  makespan    4893  uptime 0.818  detour  12.2%  [ok]  (0.03s)
maze.csv                 fixed_station_evrp   seed  23  makespan    5673  uptime 0.801  detour  10.6%  [ok]  (0.03s)
maze.csv                 fixed_station_evrp   seed  24  makespan    4303  uptime 0.847  detour   7.2%  [ok]  (0.03s)
maze.csv                 fixed_station_evrp   seed  25  makespan    5980  uptime 0.736  detour  14.6%  [ok]  (0.03s)
maze.csv                 fixed_station_evrp   seed  26  makespan    4713  uptime 0.803  detour  10.7%  [ok]  (0.03s)
maze.csv                 fixed_station_evrp   seed  27  makespan    4864  uptime 0.829  detour   9.8%  [ok]  (0.03s)
maze.csv                 fixed_station_evrp   seed  28  makespan    4421  uptime 0.770  detour  15.2%  [ok]  (0.03s)
maze.csv                 fixed_station_evrp   seed  29  makespan    4745  uptime 0.806  detour  12.6%  [ok]  (0.03s)
maze.csv                 fixed_station_evrp   seed  30  makespan    5029  uptime 0.775  detour  14.8%  [ok]  (0.03s)
maze.csv                 reactive_drone       seed   1  makespan    4621  uptime 0.838  detour   8.7%  [ok]  (0.01s)
maze.csv                 reactive_drone       seed   2  makespan    4745  uptime 0.867  detour   6.1%  [ok]  (0.01s)
maze.csv                 reactive_drone       seed   3  makespan    4513  uptime 0.871  detour   3.5%  [ok]  (0.01s)
maze.csv                 reactive_drone       seed   4  makespan    4740  uptime 0.874  detour   6.1%  [ok]  (0.01s)
maze.csv                 reactive_drone       seed   5  makespan    4563  uptime 0.886  detour   3.4%  [ok]  (0.01s)
maze.csv                 reactive_drone       seed   6  makespan    4196  uptime 0.874  detour   5.1%  [ok]  (0.01s)
maze.csv                 reactive_drone       seed   7  makespan    4098  uptime 0.842  detour   9.0%  [ok]  (0.01s)
maze.csv                 reactive_drone       seed   8  makespan    4439  uptime 0.847  detour   8.2%  [ok]  (0.01s)
maze.csv                 reactive_drone       seed   9  makespan    4739  uptime 0.900  detour   3.2%  [ok]  (0.01s)
maze.csv                 reactive_drone       seed  10  makespan    4799  uptime 0.881  detour   5.4%  [ok]  (0.01s)
maze.csv                 reactive_drone       seed  11  makespan    4153  uptime 0.834  detour   8.6%  [ok]  (0.01s)
maze.csv                 reactive_drone       seed  12  makespan    4621  uptime 0.809  detour  11.7%  [ok]  (0.01s)
maze.csv                 reactive_drone       seed  13  makespan    4207  uptime 0.855  detour   6.2%  [ok]  (0.01s)
maze.csv                 reactive_drone       seed  14  makespan    4679  uptime 0.864  detour   7.2%  [ok]  (0.01s)
maze.csv                 reactive_drone       seed  15  makespan    4326  uptime 0.816  detour  11.3%  [ok]  (0.01s)
maze.csv                 reactive_drone       seed  16  makespan    4507  uptime 0.869  detour   5.1%  [ok]  (0.01s)
maze.csv                 reactive_drone       seed  17  makespan    4800  uptime 0.875  detour   5.4%  [ok]  (0.01s)
maze.csv                 reactive_drone       seed  18  makespan    4737  uptime 0.879  detour   5.5%  [ok]  (0.01s)
maze.csv                 reactive_drone       seed  19  makespan    4741  uptime 0.897  detour   3.5%  [ok]  (0.01s)
maze.csv                 reactive_drone       seed  20  makespan    4391  uptime 0.834  detour   8.8%  [ok]  (0.01s)
maze.csv                 reactive_drone       seed  21  makespan    5093  uptime 0.880  detour   4.5%  [ok]  (0.01s)
maze.csv                 reactive_drone       seed  22  makespan    4684  uptime 0.857  detour   7.2%  [ok]  (0.01s)
maze.csv                 reactive_drone       seed  23  makespan    4981  uptime 0.887  detour   2.8%  [ok]  (0.01s)
maze.csv                 reactive_drone       seed  24  makespan    4270  uptime 0.870  detour   4.7%  [ok]  (0.01s)
maze.csv                 reactive_drone       seed  25  makespan    4922  uptime 0.872  detour   5.9%  [ok]  (0.01s)
maze.csv                 reactive_drone       seed  26  makespan    4384  uptime 0.870  detour   6.3%  [ok]  (0.01s)
maze.csv                 reactive_drone       seed  27  makespan    4556  uptime 0.884  detour   3.7%  [ok]  (0.01s)
maze.csv                 reactive_drone       seed  28  makespan    4447  uptime 0.852  detour   5.6%  [ok]  (0.01s)
maze.csv                 reactive_drone       seed  29  makespan    4442  uptime 0.846  detour   7.0%  [ok]  (0.01s)
maze.csv                 reactive_drone       seed  30  makespan    4674  uptime 0.874  detour   5.6%  [ok]  (0.01s)
maze.csv                 proactive_fuel       seed   1  makespan    4596  uptime 0.843  detour   8.7%  [ok]  (0.05s)
maze.csv                 proactive_fuel       seed   2  makespan    4709  uptime 0.873  detour   6.1%  [ok]  (0.02s)
maze.csv                 proactive_fuel       seed   3  makespan    4362  uptime 0.901  detour   3.5%  [ok]  (0.02s)
maze.csv                 proactive_fuel       seed   4  makespan    4719  uptime 0.878  detour   6.1%  [ok]  (0.01s)
maze.csv                 proactive_fuel       seed   5  makespan    4538  uptime 0.891  detour   3.4%  [ok]  (0.02s)
maze.csv                 proactive_fuel       seed   6  makespan    4182  uptime 0.878  detour   5.1%  [ok]  (0.02s)
maze.csv                 proactive_fuel       seed   7  makespan    4067  uptime 0.848  detour   9.0%  [ok]  (0.01s)
maze.csv                 proactive_fuel       seed   8  makespan    4400  uptime 0.854  detour   8.2%  [ok]  (0.02s)
maze.csv                 proactive_fuel       seed   9  makespan    4707  uptime 0.906  detour   3.2%  [ok]  (0.02s)
maze.csv                 proactive_fuel       seed  10  makespan    4774  uptime 0.886  detour   5.4%  [ok]  (0.02s)
maze.csv                 proactive_fuel       seed  11  makespan    4119  uptime 0.841  detour   8.6%  [ok]  (0.01s)
maze.csv                 proactive_fuel       seed  12  makespan    4591  uptime 0.815  detour  11.7%  [ok]  (0.02s)
maze.csv                 proactive_fuel       seed  13  makespan    4182  uptime 0.860  detour   6.2%  [ok]  (0.02s)
maze.csv                 proactive_fuel       seed  14  makespan    4655  uptime 0.868  detour   7.2%  [ok]  (0.02s)
maze.csv                 proactive_fuel       seed  15  makespan    4306  uptime 0.821  detour  11.3%  [ok]  (0.01s)
maze.csv                 proactive_fuel       seed  16  makespan    4481  uptime 0.875  detour   5.1%  [ok]  (0.02s)
maze.csv                 proactive_fuel       seed  17  makespan    4759  uptime 0.882  detour   5.4%  [ok]  (0.02s)
maze.csv                 proactive_fuel       seed  18  makespan    4713  uptime 0.884  detour   5.5%  [ok]  (0.02s)
maze.csv                 proactive_fuel       seed  19  makespan    4716  uptime 0.902  detour   3.5%  [ok]  (0.02s)
maze.csv                 proactive_fuel       seed  20  makespan    4359  uptime 0.840  detour   8.8%  [ok]  (0.01s)
maze.csv                 proactive_fuel       seed  21  makespan    5055  uptime 0.887  detour   4.5%  [ok]  (0.02s)
maze.csv                 proactive_fuel       seed  22  makespan    4659  uptime 0.862  detour   7.2%  [ok]  (0.02s)
maze.csv                 proactive_fuel       seed  23  makespan    4884  uptime 0.905  detour   2.8%  [ok]  (0.02s)
maze.csv                 proactive_fuel       seed  24  makespan    4243  uptime 0.876  detour   4.7%  [ok]  (0.02s)
maze.csv                 proactive_fuel       seed  25  makespan    4896  uptime 0.876  detour   5.9%  [ok]  (0.02s)
maze.csv                 proactive_fuel       seed  26  makespan    4360  uptime 0.875  detour   6.3%  [ok]  (0.02s)
maze.csv                 proactive_fuel       seed  27  makespan    4529  uptime 0.890  detour   3.7%  [ok]  (0.02s)
maze.csv                 proactive_fuel       seed  28  makespan    4416  uptime 0.858  detour   5.6%  [ok]  (0.02s)
maze.csv                 proactive_fuel       seed  29  makespan    4400  uptime 0.854  detour   7.0%  [ok]  (0.02s)
maze.csv                 proactive_fuel       seed  30  makespan    4636  uptime 0.881  detour   5.6%  [ok]  (0.02s)

====================================================================================================
metric                              depot_onlyfixed_station_evrp    reactive_drone    proactive_fuel
----------------------------------------------------------------------------------------------------
makespan                         5338.1±376.9      4945.1±437.2      4568.9±249.0      4533.8±246.3 
total_truck_distance             9967.0±608.4      8963.0±737.6      8410.2±490.3      8411.7±489.9 
active_distance                  8344.3±620.0      7849.2±669.0      7894.9±560.3      7896.4±559.9 
detour_distance                  1622.7±259.8      1113.8±279.8       515.3±179.9       515.3±179.9 
detour_percentage                  16.3±2.6          12.4±2.9           6.2±2.3           6.2±2.3   
uptime_ratio                        0.8±0.0           0.8±0.0           0.9±0.0           0.9±0.0   
hold_frames                         0.0±0.0         255.0±89.4        345.3±4.6         285.9±8.5   
stranded_frames                     0.0±0.0           0.0±0.0           0.0±0.0           0.0±0.0   
total_swaps                         0.0±0.0           1.7±0.6           2.0±0.0           2.0±0.0   
drone_flight_distance               0.0±0.0           0.0±0.0        1132.3±411.1       553.6±305.1 
drone_energy                        0.0±0.0           0.0±0.0        1358.8±493.4       664.3±366.2 
drone_efficiency_percentage         0.0±0.0           0.0±0.0         540.8±341.5      1228.6±734.2 
max_route_length                 4285.7±239.6      4285.7±239.6      4285.7±239.6      4285.7±239.6 
completed/30                                30                30                30                30
fuel_violations                              0                 0                 0                 0
strand_events                                0                 0                 0                 0
====================================================================================================

Per-run rows written to results/paired_2trucks/benchmark_results.csv
