maze_35x35_loop20_s1.csv depot_only           seed   1  makespan   12297  uptime 0.265  detour  35.9%  [ok]  FUEL<0 x2  (0.04s)
maze_35x35_loop20_s1.csv depot_only           seed   2  makespan    5750  uptime 0.483  detour  34.1%  [ok]  (0.03s)
maze_35x35_loop20_s1.csv depot_only           seed   3  makespan    2996  uptime 0.677  detour  28.4%  [ok]  (0.02s)
maze_35x35_loop20_s1.csv depot_only           seed   4  makespan    2994  uptime 0.666  detour  26.6%  [ok]  (0.02s)
maze_35x35_loop20_s1.csv depot_only           seed   5  makespan    7329  uptime 0.435  detour  41.5%  [ok]  FUEL<0 x1  (0.03s)
maze_35x35_loop20_s1.csv depot_only           seed   6  makespan    6830  uptime 0.415  detour  39.8%  [ok]  FUEL<0 x2  (0.03s)
maze_35x35_loop20_s1.csv depot_only           seed   7  makespan    8646  uptime 0.362  detour  37.9%  [ok]  FUEL<0 x2  (0.03s)
maze_35x35_loop20_s1.csv depot_only           seed   8  makespan    8566  uptime 0.337  detour  36.4%  [ok]  FUEL<0 x1  (0.03s)
maze_35x35_loop20_s1.csv depot_only           seed   9  makespan   10558  uptime 0.321  detour  34.2%  [ok]  FUEL<0 x1  (0.04s)
maze_35x35_loop20_s1.csv depot_only           seed  10  makespan    9733  uptime 0.385  detour  40.8%  [ok]  FUEL<0 x2  (0.04s)
maze_35x35_loop20_s1.csv depot_only           seed  11  makespan    8312  uptime 0.343  detour  40.5%  [ok]  FUEL<0 x1  (0.03s)
maze_35x35_loop20_s1.csv depot_only           seed  12  makespan    5634  uptime 0.449  detour  36.5%  [ok]  (0.03s)
maze_35x35_loop20_s1.csv depot_only           seed  13  makespan    9636  uptime 0.355  detour  41.0%  [ok]  FUEL<0 x1  (0.04s)
maze_35x35_loop20_s1.csv depot_only           seed  14  makespan   11505  uptime 0.312  detour  37.2%  [ok]  (0.04s)
maze_35x35_loop20_s1.csv depot_only           seed  15  makespan    9068  uptime 0.348  detour  39.0%  [ok]  FUEL<0 x2  (0.04s)
maze_35x35_loop20_s1.csv depot_only           seed  16  makespan    5344  uptime 0.457  detour  37.9%  [ok]  FUEL<0 x1  (0.03s)
maze_35x35_loop20_s1.csv depot_only           seed  17  makespan   12711  uptime 0.295  detour  41.7%  [ok]  FUEL<0 x1  (0.05s)
maze_35x35_loop20_s1.csv depot_only           seed  18  makespan   12513  uptime 0.254  detour  40.6%  [ok]  FUEL<0 x1  (0.04s)
maze_35x35_loop20_s1.csv depot_only           seed  19  makespan    8562  uptime 0.355  detour  41.0%  [ok]  FUEL<0 x2  (0.04s)
maze_35x35_loop20_s1.csv depot_only           seed  20  makespan    8067  uptime 0.361  detour  36.0%  [ok]  FUEL<0 x1  (0.03s)
maze_35x35_loop20_s1.csv depot_only           seed  21  makespan    5684  uptime 0.476  detour  38.9%  [ok]  (0.03s)
maze_35x35_loop20_s1.csv depot_only           seed  22  makespan    8393  uptime 0.296  detour  35.3%  [ok]  (0.03s)
maze_35x35_loop20_s1.csv depot_only           seed  23  makespan   11374  uptime 0.288  detour  40.8%  [ok]  FUEL<0 x1  (0.04s)
maze_35x35_loop20_s1.csv depot_only           seed  24  makespan    5631  uptime 0.416  detour  26.4%  [ok]  (0.02s)
maze_35x35_loop20_s1.csv depot_only           seed  25  makespan    5284  uptime 0.446  detour  28.2%  [ok]  (0.02s)
maze_35x35_loop20_s1.csv depot_only           seed  26  makespan    5163  uptime 0.433  detour  37.3%  [ok]  FUEL<0 x1  (0.03s)
maze_35x35_loop20_s1.csv depot_only           seed  27  makespan    8384  uptime 0.347  detour  37.0%  [ok]  FUEL<0 x1  (0.03s)
maze_35x35_loop20_s1.csv depot_only           seed  28  makespan    4635  uptime 0.493  detour  24.2%  [ok]  (0.02s)
maze_35x35_loop20_s1.csv depot_only           seed  29  makespan   12837  uptime 0.278  detour  41.4%  [ok]  FUEL<0 x1  (0.04s)
maze_35x35_loop20_s1.csv depot_only           seed  30  makespan    2988  uptime 0.697  detour  24.5%  [ok]  (0.02s)
maze_35x35_loop20_s1.csv fixed_station_evrp   seed   1  makespan    4782  uptime 0.472  detour  28.3%  [ok]  FUEL<0 x1  (0.03s)
maze_35x35_loop20_s1.csv fixed_station_evrp   seed   2  makespan    3606  uptime 0.619  detour  26.6%  [ok]  FUEL<0 x4  (0.02s)
maze_35x35_loop20_s1.csv fixed_station_evrp   seed   3  makespan    2996  uptime 0.677  detour  28.4%  [ok]  (0.02s)
maze_35x35_loop20_s1.csv fixed_station_evrp   seed   4  makespan    2994  uptime 0.666  detour  26.6%  [ok]  (0.02s)
maze_35x35_loop20_s1.csv fixed_station_evrp   seed   5  makespan    4102  uptime 0.531  detour  36.0%  [ok]  FUEL<0 x2  (0.03s)
maze_35x35_loop20_s1.csv fixed_station_evrp   seed   6  makespan    3776  uptime 0.559  detour  31.2%  [ok]  FUEL<0 x3  (0.02s)
maze_35x35_loop20_s1.csv fixed_station_evrp   seed   7  makespan    4123  uptime 0.537  detour  28.1%  [ok]  FUEL<0 x1  (0.02s)
maze_35x35_loop20_s1.csv fixed_station_evrp   seed   8  makespan    4200  uptime 0.505  detour  33.1%  [ok]  (0.03s)
maze_35x35_loop20_s1.csv fixed_station_evrp   seed   9  makespan    4292  uptime 0.548  detour  22.1%  [ok]  FUEL<0 x1  (0.03s)
maze_35x35_loop20_s1.csv fixed_station_evrp   seed  10  makespan    4814  uptime 0.498  detour  32.6%  [ok]  FUEL<0 x2  (0.03s)
maze_35x35_loop20_s1.csv fixed_station_evrp   seed  11  makespan    4318  uptime 0.488  detour  31.9%  [ok]  (0.02s)
maze_35x35_loop20_s1.csv fixed_station_evrp   seed  12  makespan    3837  uptime 0.565  detour  30.1%  [ok]  FUEL<0 x1  (0.02s)
maze_35x35_loop20_s1.csv fixed_station_evrp   seed  13  makespan    4293  uptime 0.453  detour  34.8%  [ok]  FUEL<0 x2  (0.02s)
maze_35x35_loop20_s1.csv fixed_station_evrp   seed  14  makespan    4901  uptime 0.503  detour  29.9%  [ok]  (0.03s)
maze_35x35_loop20_s1.csv fixed_station_evrp   seed  15  makespan    4781  uptime 0.502  detour  28.4%  [ok]  FUEL<0 x2  (0.03s)
maze_35x35_loop20_s1.csv fixed_station_evrp   seed  16  makespan    4052  uptime 0.525  detour  33.5%  [ok]  FUEL<0 x1  (0.03s)
maze_35x35_loop20_s1.csv fixed_station_evrp   seed  17  makespan    4293  uptime 0.521  detour  31.5%  [ok]  FUEL<0 x2  (0.03s)
maze_35x35_loop20_s1.csv fixed_station_evrp   seed  18  makespan    4121  uptime 0.538  detour  30.5%  [ok]  FUEL<0 x1  (0.03s)
maze_35x35_loop20_s1.csv fixed_station_evrp   seed  19  makespan    4510  uptime 0.478  detour  38.1%  [ok]  FUEL<0 x2  (0.03s)
maze_35x35_loop20_s1.csv fixed_station_evrp   seed  20  makespan    4199  uptime 0.579  detour  25.1%  [ok]  FUEL<0 x1  (0.03s)
maze_35x35_loop20_s1.csv fixed_station_evrp   seed  21  makespan    3782  uptime 0.604  detour  28.4%  [ok]  FUEL<0 x2  (0.03s)
maze_35x35_loop20_s1.csv fixed_station_evrp   seed  22  makespan    3775  uptime 0.545  detour  27.3%  [ok]  FUEL<0 x2  (0.02s)
maze_35x35_loop20_s1.csv fixed_station_evrp   seed  23  makespan    4641  uptime 0.477  detour  32.1%  [ok]  FUEL<0 x1  (0.03s)
maze_35x35_loop20_s1.csv fixed_station_evrp   seed  24  makespan    3670  uptime 0.546  detour  24.4%  [ok]  (0.02s)
maze_35x35_loop20_s1.csv fixed_station_evrp   seed  25  makespan    5284  uptime 0.446  detour  28.2%  [ok]  (0.03s)
maze_35x35_loop20_s1.csv fixed_station_evrp   seed  26  makespan    4295  uptime 0.449  detour  36.1%  [ok]  FUEL<0 x1  (0.03s)
maze_35x35_loop20_s1.csv fixed_station_evrp   seed  27  makespan    4478  uptime 0.528  detour  26.3%  [ok]  FUEL<0 x1  (0.03s)
maze_35x35_loop20_s1.csv fixed_station_evrp   seed  28  makespan    3685  uptime 0.589  detour  21.8%  [ok]  (0.02s)
maze_35x35_loop20_s1.csv fixed_station_evrp   seed  29  makespan    4775  uptime 0.492  detour  27.2%  [ok]  FUEL<0 x2  (0.03s)
maze_35x35_loop20_s1.csv fixed_station_evrp   seed  30  makespan    2988  uptime 0.697  detour  24.5%  [ok]  (0.02s)
maze_35x35_loop20_s1.csv reactive_drone       seed   1  makespan    3772  uptime 0.599  detour  23.1%  [ok]  FUEL<0 x2  (0.02s)
maze_35x35_loop20_s1.csv reactive_drone       seed   2  makespan    3510  uptime 0.659  detour  24.0%  [ok]  FUEL<0 x3  (0.02s)
maze_35x35_loop20_s1.csv reactive_drone       seed   3  makespan    2996  uptime 0.677  detour  28.4%  [ok]  (0.01s)
maze_35x35_loop20_s1.csv reactive_drone       seed   4  makespan    2994  uptime 0.666  detour  26.6%  [ok]  (0.01s)
maze_35x35_loop20_s1.csv reactive_drone       seed   5  makespan    3679  uptime 0.607  detour  30.1%  [ok]  FUEL<0 x4  (0.02s)
maze_35x35_loop20_s1.csv reactive_drone       seed   6  makespan    3586  uptime 0.587  detour  30.5%  [ok]  FUEL<0 x3  (0.02s)
maze_35x35_loop20_s1.csv reactive_drone       seed   7  makespan    3723  uptime 0.604  detour  24.0%  [ok]  FUEL<0 x4  (0.02s)
maze_35x35_loop20_s1.csv reactive_drone       seed   8  makespan    3759  uptime 0.601  detour  23.6%  [ok]  FUEL<0 x2  (0.02s)
maze_35x35_loop20_s1.csv reactive_drone       seed   9  makespan    3789  uptime 0.636  detour  19.4%  [ok]  FUEL<0 x1  (0.02s)
maze_35x35_loop20_s1.csv reactive_drone       seed  10  makespan    3888  uptime 0.654  detour  24.9%  [ok]  FUEL<0 x4  (0.02s)
maze_35x35_loop20_s1.csv reactive_drone       seed  11  makespan    3636  uptime 0.605  detour  23.2%  [ok]  FUEL<0 x2  (0.02s)
maze_35x35_loop20_s1.csv reactive_drone       seed  12  makespan    3514  uptime 0.607  detour  28.3%  [ok]  FUEL<0 x3  (0.02s)
maze_35x35_loop20_s1.csv reactive_drone       seed  13  makespan    3680  uptime 0.573  detour  28.6%  [ok]  FUEL<0 x4  (0.02s)
maze_35x35_loop20_s1.csv reactive_drone       seed  14  makespan    3666  uptime 0.664  detour  20.6%  [ok]  FUEL<0 x2  (0.02s)
maze_35x35_loop20_s1.csv reactive_drone       seed  15  makespan    3519  uptime 0.678  detour  23.4%  [ok]  FUEL<0 x3  (0.02s)
maze_35x35_loop20_s1.csv reactive_drone       seed  16  makespan    3556  uptime 0.584  detour  29.9%  [ok]  FUEL<0 x3  (0.02s)
maze_35x35_loop20_s1.csv reactive_drone       seed  17  makespan    3756  uptime 0.642  detour  24.2%  [ok]  FUEL<0 x3  (0.02s)
maze_35x35_loop20_s1.csv reactive_drone       seed  18  makespan    3656  uptime 0.605  detour  27.2%  [ok]  FUEL<0 x2  (0.02s)
maze_35x35_loop20_s1.csv reactive_drone       seed  19  makespan    3817  uptime 0.572  detour  31.5%  [ok]  FUEL<0 x4  (0.02s)
maze_35x35_loop20_s1.csv reactive_drone       seed  20  makespan    3706  uptime 0.679  detour  17.8%  [ok]  FUEL<0 x3  (0.02s)
maze_35x35_loop20_s1.csv reactive_drone       seed  21  makespan    3465  uptime 0.690  detour  23.2%  [ok]  FUEL<0 x3  (0.02s)
maze_35x35_loop20_s1.csv reactive_drone       seed  22  makespan    3536  uptime 0.582  detour  27.3%  [ok]  FUEL<0 x2  (0.02s)
maze_35x35_loop20_s1.csv reactive_drone       seed  23  makespan    3917  uptime 0.598  detour  24.9%  [ok]  FUEL<0 x3  (0.02s)
maze_35x35_loop20_s1.csv reactive_drone       seed  24  makespan    3445  uptime 0.605  detour  19.4%  [ok]  FUEL<0 x2  (0.01s)
maze_35x35_loop20_s1.csv reactive_drone       seed  25  makespan    3482  uptime 0.613  detour  23.8%  [ok]  FUEL<0 x1  (0.02s)
maze_35x35_loop20_s1.csv reactive_drone       seed  26  makespan    3734  uptime 0.549  detour  29.9%  [ok]  FUEL<0 x3  (0.02s)
maze_35x35_loop20_s1.csv reactive_drone       seed  27  makespan    3780  uptime 0.638  detour  23.3%  [ok]  FUEL<0 x2  (0.02s)
maze_35x35_loop20_s1.csv reactive_drone       seed  28  makespan    3281  uptime 0.647  detour  20.2%  [ok]  (0.01s)
maze_35x35_loop20_s1.csv reactive_drone       seed  29  makespan    3717  uptime 0.622  detour  22.0%  [ok]  FUEL<0 x3  (0.02s)
maze_35x35_loop20_s1.csv reactive_drone       seed  30  makespan    2988  uptime 0.697  detour  24.5%  [ok]  (0.01s)
maze_35x35_loop20_s1.csv proactive_fuel       seed   1  makespan    3659  uptime 0.618  detour  23.0%  [ok]  (0.07s)
maze_35x35_loop20_s1.csv proactive_fuel       seed   2  makespan    3377  uptime 0.685  detour  24.0%  [ok]  (0.03s)
maze_35x35_loop20_s1.csv proactive_fuel       seed   3  makespan    2996  uptime 0.677  detour  28.4%  [ok]  (0.02s)
maze_35x35_loop20_s1.csv proactive_fuel       seed   4  makespan    2994  uptime 0.666  detour  26.6%  [ok]  (0.02s)
maze_35x35_loop20_s1.csv proactive_fuel       seed   5  makespan    3673  uptime 0.608  detour  30.1%  [ok]  (0.03s)
maze_35x35_loop20_s1.csv proactive_fuel       seed   6  makespan    3433  uptime 0.613  detour  30.6%  [ok]  (0.04s)
maze_35x35_loop20_s1.csv proactive_fuel       seed   7  makespan    3554  uptime 0.632  detour  24.0%  [ok]  (0.03s)
maze_35x35_loop20_s1.csv proactive_fuel       seed   8  makespan    3670  uptime 0.616  detour  23.5%  [ok]  (0.03s)
maze_35x35_loop20_s1.csv proactive_fuel       seed   9  makespan    3674  uptime 0.656  detour  19.4%  [ok]  (0.03s)
maze_35x35_loop20_s1.csv proactive_fuel       seed  10  makespan    3804  uptime 0.669  detour  25.0%  [ok]  (0.04s)
maze_35x35_loop20_s1.csv proactive_fuel       seed  11  makespan    3554  uptime 0.620  detour  23.2%  [ok]  (0.03s)
maze_35x35_loop20_s1.csv proactive_fuel       seed  12  makespan    3318  uptime 0.642  detour  28.3%  [ok]  (0.03s)
maze_35x35_loop20_s1.csv proactive_fuel       seed  13  makespan    3609  uptime 0.584  detour  28.6%  [ok]  (0.03s)
maze_35x35_loop20_s1.csv proactive_fuel       seed  14  makespan    3534  uptime 0.689  detour  20.6%  [ok]  (0.03s)
maze_35x35_loop20_s1.csv proactive_fuel       seed  15  makespan    3559  uptime 0.671  detour  23.4%  [ok]  (0.03s)
maze_35x35_loop20_s1.csv proactive_fuel       seed  16  makespan    3487  uptime 0.595  detour  30.0%  [ok]  (0.03s)
maze_35x35_loop20_s1.csv proactive_fuel       seed  17  makespan    3613  uptime 0.667  detour  24.2%  [ok]  (0.03s)
maze_35x35_loop20_s1.csv proactive_fuel       seed  18  makespan    3552  uptime 0.623  detour  27.2%  [ok]  (0.03s)
maze_35x35_loop20_s1.csv proactive_fuel       seed  19  makespan    3551  uptime 0.615  detour  31.6%  [ok]  (0.03s)
maze_35x35_loop20_s1.csv proactive_fuel       seed  20  makespan    3607  uptime 0.698  detour  17.8%  [ok]  (0.03s)
maze_35x35_loop20_s1.csv proactive_fuel       seed  21  makespan    3373  uptime 0.710  detour  23.2%  [ok]  (0.03s)
maze_35x35_loop20_s1.csv proactive_fuel       seed  22  makespan    3438  uptime 0.598  detour  27.4%  [ok]  (0.02s)
maze_35x35_loop20_s1.csv proactive_fuel       seed  23  makespan    3783  uptime 0.619  detour  24.9%  [ok]  (0.03s)
maze_35x35_loop20_s1.csv proactive_fuel       seed  24  makespan    3251  uptime 0.641  detour  19.4%  [ok]  (0.03s)
maze_35x35_loop20_s1.csv proactive_fuel       seed  25  makespan    3258  uptime 0.655  detour  23.8%  [ok]  (0.03s)
maze_35x35_loop20_s1.csv proactive_fuel       seed  26  makespan    3738  uptime 0.549  detour  29.9%  [ok]  (0.03s)
maze_35x35_loop20_s1.csv proactive_fuel       seed  27  makespan    3664  uptime 0.658  detour  23.3%  [ok]  (0.03s)
maze_35x35_loop20_s1.csv proactive_fuel       seed  28  makespan    3254  uptime 0.652  detour  20.2%  [ok]  (0.02s)
maze_35x35_loop20_s1.csv proactive_fuel       seed  29  makespan    3599  uptime 0.642  detour  22.0%  [ok]  (0.03s)
maze_35x35_loop20_s1.csv proactive_fuel       seed  30  makespan    2988  uptime 0.697  detour  24.5%  [ok]  (0.02s)

====================================================================================================
metric                              depot_onlyfixed_station_evrp    reactive_drone    proactive_fuel
----------------------------------------------------------------------------------------------------
makespan                         7914.1±2966.3     4145.4±568.1      3584.9±245.2      3485.5±223.8 
total_truck_distance            27459.5±6485.8    18737.0±1404.3    17870.5±1040.9    17877.1±1043.2
active_distance                 17273.4±3092.9    13191.4±884.0     13409.4±922.4     13411.0±923.0 
detour_distance                 10186.1±3502.6     5545.6±1034.2     4461.1±741.5      4466.1±744.4 
detour_percentage                  36.0±5.4          29.4±4.1          24.9±3.6          24.9±3.6   
uptime_ratio                        0.4±0.1           0.5±0.1           0.6±0.0           0.6±0.0   
hold_frames                       640.4±621.8      1077.8±656.7       807.5±400.2       578.6±265.7 
stranded_frames                   640.4±621.8       707.8±580.4       580.6±327.9         0.0±0.0   
total_swaps                         1.2±1.1           3.6±1.8           3.7±1.8           4.0±1.8   
drone_flight_distance               0.0±0.0           0.0±0.0        2007.3±1104.6     2170.8±1389.4
drone_energy                        0.0±0.0           0.0±0.0        2408.8±1325.5     2605.0±1667.2
drone_efficiency_percentage         0.0±0.0           0.0±0.0         434.0±214.3       555.2±462.5 
max_route_length                 3253.3±179.4      3253.3±179.4      3253.3±179.4      3253.3±179.4 
completed/30                                30                30                30                30
fuel_violations                             25                35                71                 0
strand_events                               36                35                71                 0
====================================================================================================

Per-run rows written to results/paired_sparse/benchmark_results.csv
