maze.csv                 depot_only           seed   1  makespan    6863  uptime 0.323  detour  35.8%  [ok]  (0.03s)
maze.csv                 depot_only           seed   2  makespan    3451  uptime 0.485  detour  33.0%  [ok]  (0.02s)
maze.csv                 depot_only           seed   3  makespan    3045  uptime 0.556  detour  24.6%  [ok]  (0.02s)
maze.csv                 depot_only           seed   4  makespan    4798  uptime 0.407  detour  35.9%  [ok]  (0.02s)
maze.csv                 depot_only           seed   5  makespan    3750  uptime 0.528  detour  30.7%  [ok]  (0.02s)
maze.csv                 depot_only           seed   6  makespan    5569  uptime 0.332  detour  29.3%  [ok]  (0.02s)
maze.csv                 depot_only           seed   7  makespan    3278  uptime 0.512  detour  31.6%  [ok]  (0.02s)
maze.csv                 depot_only           seed   8  makespan    5218  uptime 0.346  detour  33.3%  [ok]  (0.02s)
maze.csv                 depot_only           seed   9  makespan    5563  uptime 0.381  detour  37.3%  [ok]  (0.03s)
maze.csv                 depot_only           seed  10  makespan    5688  uptime 0.386  detour  36.0%  [ok]  (0.03s)
maze.csv                 depot_only           seed  11  makespan    3340  uptime 0.486  detour  29.9%  [ok]  (0.02s)
maze.csv                 depot_only           seed  12  makespan    3283  uptime 0.514  detour  32.7%  [ok]  (0.02s)
maze.csv                 depot_only           seed  13  makespan    3572  uptime 0.454  detour  32.0%  [ok]  (0.02s)
maze.csv                 depot_only           seed  14  makespan    3696  uptime 0.510  detour  33.3%  [ok]  (0.02s)
maze.csv                 depot_only           seed  15  makespan    3459  uptime 0.460  detour  28.9%  [ok]  (0.02s)
maze.csv                 depot_only           seed  16  makespan    3579  uptime 0.554  detour  34.0%  [ok]  (0.02s)
maze.csv                 depot_only           seed  17  makespan    3640  uptime 0.502  detour  39.3%  [ok]  (0.02s)
maze.csv                 depot_only           seed  18  makespan    4792  uptime 0.436  detour  38.5%  [ok]  (0.03s)
maze.csv                 depot_only           seed  19  makespan    3634  uptime 0.552  detour  28.3%  [ok]  (0.02s)
maze.csv                 depot_only           seed  20  makespan    4384  uptime 0.402  detour  33.0%  [ok]  (0.02s)
maze.csv                 depot_only           seed  21  makespan    3283  uptime 0.550  detour  30.1%  [ok]  (0.02s)
maze.csv                 depot_only           seed  22  makespan    4805  uptime 0.416  detour  34.0%  [ok]  (0.02s)
maze.csv                 depot_only           seed  23  makespan    5742  uptime 0.363  detour  34.3%  [ok]  (0.03s)
maze.csv                 depot_only           seed  24  makespan    1992  uptime 0.778  detour  15.2%  [ok]  (0.02s)
maze.csv                 depot_only           seed  25  makespan    5270  uptime 0.366  detour  36.1%  [ok]  (0.03s)
maze.csv                 depot_only           seed  26  makespan    3345  uptime 0.478  detour  32.5%  [ok]  (0.02s)
maze.csv                 depot_only           seed  27  makespan    4998  uptime 0.381  detour  33.3%  [ok]  FUEL<0 x1  (0.02s)
maze.csv                 depot_only           seed  28  makespan    3568  uptime 0.450  detour  30.4%  [ok]  (0.02s)
maze.csv                 depot_only           seed  29  makespan    5733  uptime 0.349  detour  40.5%  [ok]  (0.03s)
maze.csv                 depot_only           seed  30  makespan    3688  uptime 0.505  detour  30.7%  [ok]  (0.02s)
maze.csv                 fixed_station_evrp   seed   1  makespan    3517  uptime 0.497  detour  25.5%  [ok]  FUEL<0 x1  (0.02s)
maze.csv                 fixed_station_evrp   seed   2  makespan    2501  uptime 0.584  detour  27.2%  [ok]  FUEL<0 x1  (0.02s)
maze.csv                 fixed_station_evrp   seed   3  makespan    2609  uptime 0.595  detour  20.9%  [ok]  (0.02s)
maze.csv                 fixed_station_evrp   seed   4  makespan    3097  uptime 0.530  detour  29.5%  [ok]  (0.02s)
maze.csv                 fixed_station_evrp   seed   5  makespan    3393  uptime 0.546  detour  26.6%  [ok]  FUEL<0 x1  (0.02s)
maze.csv                 fixed_station_evrp   seed   6  makespan    2435  uptime 0.587  detour  23.1%  [ok]  (0.02s)
maze.csv                 fixed_station_evrp   seed   7  makespan    2726  uptime 0.560  detour  26.7%  [ok]  (0.02s)
maze.csv                 fixed_station_evrp   seed   8  makespan    2722  uptime 0.573  detour  24.1%  [ok]  (0.02s)
maze.csv                 fixed_station_evrp   seed   9  makespan    3429  uptime 0.460  detour  30.5%  [ok]  FUEL<0 x1  (0.02s)
maze.csv                 fixed_station_evrp   seed  10  makespan    3960  uptime 0.469  detour  29.9%  [ok]  FUEL<0 x1  (0.02s)
maze.csv                 fixed_station_evrp   seed  11  makespan    2318  uptime 0.668  detour  20.9%  [ok]  (0.02s)
maze.csv                 fixed_station_evrp   seed  12  makespan    2751  uptime 0.536  detour  30.7%  [ok]  FUEL<0 x1  (0.02s)
maze.csv                 fixed_station_evrp   seed  13  makespan    3216  uptime 0.464  detour  30.5%  [ok]  (0.02s)
maze.csv                 fixed_station_evrp   seed  14  makespan    2933  uptime 0.565  detour  31.3%  [ok]  FUEL<0 x1  (0.02s)
maze.csv                 fixed_station_evrp   seed  15  makespan    3459  uptime 0.443  detour  27.1%  [ok]  (0.02s)
maze.csv                 fixed_station_evrp   seed  16  makespan    2730  uptime 0.537  detour  32.7%  [ok]  (0.02s)
maze.csv                 fixed_station_evrp   seed  17  makespan    3198  uptime 0.482  detour  32.7%  [ok]  FUEL<0 x1  (0.02s)
maze.csv                 fixed_station_evrp   seed  18  makespan    4331  uptime 0.403  detour  28.5%  [ok]  FUEL<0 x1  (0.02s)
maze.csv                 fixed_station_evrp   seed  19  makespan    3255  uptime 0.524  detour  26.1%  [ok]  (0.02s)
maze.csv                 fixed_station_evrp   seed  20  makespan    3311  uptime 0.448  detour  30.0%  [ok]  (0.02s)
maze.csv                 fixed_station_evrp   seed  21  makespan    2728  uptime 0.589  detour  24.6%  [ok]  (0.02s)
maze.csv                 fixed_station_evrp   seed  22  makespan    2969  uptime 0.534  detour  26.0%  [ok]  (0.02s)
maze.csv                 fixed_station_evrp   seed  23  makespan    2863  uptime 0.512  detour  33.7%  [ok]  FUEL<0 x1  (0.02s)
maze.csv                 fixed_station_evrp   seed  24  makespan    1992  uptime 0.778  detour  15.2%  [ok]  (0.02s)
maze.csv                 fixed_station_evrp   seed  25  makespan    5270  uptime 0.343  detour  33.8%  [ok]  (0.03s)
maze.csv                 fixed_station_evrp   seed  26  makespan    2901  uptime 0.504  detour  28.5%  [ok]  FUEL<0 x1  (0.02s)
maze.csv                 fixed_station_evrp   seed  27  makespan    2725  uptime 0.582  detour  23.3%  [ok]  FUEL<0 x1  (0.02s)
maze.csv                 fixed_station_evrp   seed  28  makespan    2931  uptime 0.488  detour  29.0%  [ok]  (0.02s)
maze.csv                 fixed_station_evrp   seed  29  makespan    3194  uptime 0.466  detour  35.0%  [ok]  (0.02s)
maze.csv                 fixed_station_evrp   seed  30  makespan    3688  uptime 0.445  detour  31.5%  [ok]  (0.02s)
maze.csv                 reactive_drone       seed   1  makespan    2539  uptime 0.625  detour  19.3%  [ok]  FUEL<0 x3  (0.01s)
maze.csv                 reactive_drone       seed   2  makespan    2298  uptime 0.634  detour  26.1%  [ok]  FUEL<0 x1  (0.01s)
maze.csv                 reactive_drone       seed   3  makespan    2282  uptime 0.688  detour  17.1%  [ok]  (0.01s)
maze.csv                 reactive_drone       seed   4  makespan    2546  uptime 0.639  detour  20.4%  [ok]  FUEL<0 x3  (0.01s)
maze.csv                 reactive_drone       seed   5  makespan    2654  uptime 0.637  detour  17.3%  [ok]  FUEL<0 x2  (0.01s)
maze.csv                 reactive_drone       seed   6  makespan    2353  uptime 0.637  detour  18.4%  [ok]  FUEL<0 x1  (0.01s)
maze.csv                 reactive_drone       seed   7  makespan    2489  uptime 0.599  detour  23.6%  [ok]  FUEL<0 x2  (0.01s)
maze.csv                 reactive_drone       seed   8  makespan    2425  uptime 0.620  detour  20.6%  [ok]  FUEL<0 x1  (0.01s)
maze.csv                 reactive_drone       seed   9  makespan    2499  uptime 0.641  detour  22.3%  [ok]  FUEL<0 x3  (0.01s)
maze.csv                 reactive_drone       seed  10  makespan    2770  uptime 0.614  detour  19.4%  [ok]  FUEL<0 x1  (0.01s)
maze.csv                 reactive_drone       seed  11  makespan    2212  uptime 0.719  detour  17.1%  [ok]  (0.01s)
maze.csv                 reactive_drone       seed  12  makespan    2450  uptime 0.602  detour  24.4%  [ok]  FUEL<0 x2  (0.01s)
maze.csv                 reactive_drone       seed  13  makespan    2403  uptime 0.610  detour  23.0%  [ok]  FUEL<0 x2  (0.01s)
maze.csv                 reactive_drone       seed  14  makespan    2550  uptime 0.619  detour  22.4%  [ok]  FUEL<0 x4  (0.01s)
maze.csv                 reactive_drone       seed  15  makespan    2216  uptime 0.649  detour  23.3%  [ok]  (0.01s)
maze.csv                 reactive_drone       seed  16  makespan    2510  uptime 0.624  detour  23.8%  [ok]  FUEL<0 x3  (0.01s)
maze.csv                 reactive_drone       seed  17  makespan    2451  uptime 0.620  detour  26.1%  [ok]  FUEL<0 x3  (0.01s)
maze.csv                 reactive_drone       seed  18  makespan    2548  uptime 0.653  detour  19.4%  [ok]  FUEL<0 x3  (0.01s)
maze.csv                 reactive_drone       seed  19  makespan    2605  uptime 0.671  detour  15.6%  [ok]  FUEL<0 x3  (0.01s)
maze.csv                 reactive_drone       seed  20  makespan    2368  uptime 0.623  detour  22.2%  [ok]  FUEL<0 x1  (0.01s)
maze.csv                 reactive_drone       seed  21  makespan    2479  uptime 0.656  detour  18.2%  [ok]  FUEL<0 x3  (0.01s)
maze.csv                 reactive_drone       seed  22  makespan    2517  uptime 0.641  detour  19.3%  [ok]  FUEL<0 x2  (0.01s)
maze.csv                 reactive_drone       seed  23  makespan    2468  uptime 0.632  detour  22.0%  [ok]  FUEL<0 x3  (0.01s)
maze.csv                 reactive_drone       seed  24  makespan    1992  uptime 0.778  detour  15.2%  [ok]  (0.01s)
maze.csv                 reactive_drone       seed  25  makespan    2462  uptime 0.647  detour  21.8%  [ok]  (0.01s)
maze.csv                 reactive_drone       seed  26  makespan    2412  uptime 0.584  detour  24.8%  [ok]  FUEL<0 x1  (0.01s)
maze.csv                 reactive_drone       seed  27  makespan    2465  uptime 0.646  detour  19.8%  [ok]  FUEL<0 x1  (0.01s)
maze.csv                 reactive_drone       seed  28  makespan    2454  uptime 0.587  detour  22.7%  [ok]  FUEL<0 x2  (0.01s)
maze.csv                 reactive_drone       seed  29  makespan    2544  uptime 0.578  detour  25.3%  [ok]  FUEL<0 x3  (0.01s)
maze.csv                 reactive_drone       seed  30  makespan    2399  uptime 0.697  detour  17.4%  [ok]  (0.01s)
maze.csv                 proactive_fuel       seed   1  makespan    2437  uptime 0.652  detour  19.4%  [ok]  (0.06s)
maze.csv                 proactive_fuel       seed   2  makespan    2263  uptime 0.644  detour  26.1%  [ok]  (0.02s)
maze.csv                 proactive_fuel       seed   3  makespan    2251  uptime 0.698  detour  17.1%  [ok]  (0.02s)
maze.csv                 proactive_fuel       seed   4  makespan    2375  uptime 0.685  detour  20.4%  [ok]  (0.02s)
maze.csv                 proactive_fuel       seed   5  makespan    2375  uptime 0.712  detour  17.3%  [ok]  (0.02s)
maze.csv                 proactive_fuel       seed   6  makespan    2319  uptime 0.646  detour  18.5%  [ok]  (0.02s)
maze.csv                 proactive_fuel       seed   7  makespan    2256  uptime 0.660  detour  23.7%  [ok]  (0.02s)
maze.csv                 proactive_fuel       seed   8  makespan    2317  uptime 0.649  detour  20.6%  [ok]  (0.02s)
maze.csv                 proactive_fuel       seed   9  makespan    2755  uptime 0.582  detour  22.4%  [ok]  (0.02s)
maze.csv                 proactive_fuel       seed  10  makespan    2495  uptime 0.682  detour  19.4%  [ok]  (0.02s)
maze.csv                 proactive_fuel       seed  11  makespan    2201  uptime 0.723  detour  17.1%  [ok]  (0.02s)
maze.csv                 proactive_fuel       seed  12  makespan    2259  uptime 0.653  detour  24.4%  [ok]  (0.02s)
maze.csv                 proactive_fuel       seed  13  makespan    2242  uptime 0.653  detour  23.0%  [ok]  (0.02s)
maze.csv                 proactive_fuel       seed  14  makespan    2259  uptime 0.699  detour  22.5%  [ok]  (0.02s)
maze.csv                 proactive_fuel       seed  15  makespan    2178  uptime 0.661  detour  23.3%  [ok]  (0.02s)
maze.csv                 proactive_fuel       seed  16  makespan    2367  uptime 0.662  detour  23.8%  [ok]  (0.02s)
maze.csv                 proactive_fuel       seed  17  makespan    2426  uptime 0.626  detour  26.1%  [ok]  (0.02s)
maze.csv                 proactive_fuel       seed  18  makespan    2375  uptime 0.700  detour  19.4%  [ok]  (0.02s)
maze.csv                 proactive_fuel       seed  19  makespan    2545  uptime 0.687  detour  15.7%  [ok]  (0.02s)
maze.csv                 proactive_fuel       seed  20  makespan    2317  uptime 0.636  detour  22.2%  [ok]  (0.02s)
maze.csv                 proactive_fuel       seed  21  makespan    2312  uptime 0.704  detour  18.3%  [ok]  (0.02s)
maze.csv                 proactive_fuel       seed  22  makespan    2692  uptime 0.599  detour  19.3%  [ok]  (0.02s)
maze.csv                 proactive_fuel       seed  23  makespan    2508  uptime 0.623  detour  22.1%  [ok]  (0.02s)
maze.csv                 proactive_fuel       seed  24  makespan    1992  uptime 0.778  detour  15.2%  [ok]  (0.02s)
maze.csv                 proactive_fuel       seed  25  makespan    2435  uptime 0.654  detour  21.8%  [ok]  (0.02s)
maze.csv                 proactive_fuel       seed  26  makespan    2245  uptime 0.628  detour  24.9%  [ok]  (0.02s)
maze.csv                 proactive_fuel       seed  27  makespan    2348  uptime 0.678  detour  19.8%  [ok]  (0.02s)
maze.csv                 proactive_fuel       seed  28  makespan    2318  uptime 0.622  detour  22.7%  [ok]  (0.02s)
maze.csv                 proactive_fuel       seed  29  makespan    2372  uptime 0.620  detour  25.4%  [ok]  (0.02s)
maze.csv                 proactive_fuel       seed  30  makespan    2369  uptime 0.706  detour  17.5%  [ok]  (0.02s)

====================================================================================================
metric                              depot_onlyfixed_station_evrp    reactive_drone    proactive_fuel
----------------------------------------------------------------------------------------------------
makespan                         4234.2±1106.6     3105.1±637.3      2445.3±146.5      2353.4±148.5 
total_truck_distance            16601.3±2505.8    13206.0±1296.3    11831.4±469.8     11840.3±472.4 
active_distance                 11115.3±1157.3     9495.7±732.5      9354.1±523.9      9356.1±524.2 
detour_distance                  5486.0±1466.0     3710.3±833.2      2477.3±375.8      2484.2±376.7 
detour_percentage                  32.5±4.8          27.8±4.4          20.9±3.1          21.0±3.1   
uptime_ratio                        0.5±0.1           0.5±0.1           0.6±0.0           0.7±0.0   
hold_frames                         6.9±37.8        523.4±260.4       719.8±377.3       594.1±235.8 
stranded_frames                     6.9±37.8        128.4±181.7       447.7±340.6         0.0±0.0   
total_swaps                         0.0±0.2           3.0±1.4           3.3±1.5           3.9±1.3   
drone_flight_distance               0.0±0.0           0.0±0.0        1934.7±1284.3     2124.6±1208.8
drone_energy                        0.0±0.0           0.0±0.0        2321.6±1541.1     2549.5±1450.5
drone_efficiency_percentage         0.0±0.0           0.0±0.0         558.2±373.6       557.9±310.9 
max_route_length                 2127.6±80.4       2127.6±80.4       2127.6±80.4       2127.6±80.4  
completed/30                                30                30                30                30
fuel_violations                              1                12                53                 0
strand_events                                1                12                53                 0
====================================================================================================

Per-run rows written to results/paired_range2000/benchmark_results.csv
