maze.csv                 depot_only           seed   1  makespan    2290  uptime 0.693  detour  19.4%  [ok]  (0.02s)
maze.csv                 depot_only           seed   2  makespan    2116  uptime 0.688  detour  26.1%  [ok]  (0.02s)
maze.csv                 depot_only           seed   3  makespan    2108  uptime 0.745  detour  17.1%  [ok]  (0.02s)
maze.csv                 depot_only           seed   4  makespan    2228  uptime 0.730  detour  20.4%  [ok]  (0.02s)
maze.csv                 depot_only           seed   5  makespan    2229  uptime 0.759  detour  17.3%  [ok]  (0.02s)
maze.csv                 depot_only           seed   6  makespan    2168  uptime 0.692  detour  18.5%  [ok]  (0.02s)
maze.csv                 depot_only           seed   7  makespan    2111  uptime 0.706  detour  23.7%  [ok]  (0.02s)
maze.csv                 depot_only           seed   8  makespan    2170  uptime 0.693  detour  20.6%  [ok]  (0.02s)
maze.csv                 depot_only           seed   9  makespan    2232  uptime 0.718  detour  22.4%  [ok]  (0.02s)
maze.csv                 depot_only           seed  10  makespan    2346  uptime 0.726  detour  19.4%  [ok]  (0.02s)
maze.csv                 depot_only           seed  11  makespan    2052  uptime 0.776  detour  17.1%  [ok]  (0.02s)
maze.csv                 depot_only           seed  12  makespan    2110  uptime 0.699  detour  24.4%  [ok]  (0.02s)
maze.csv                 depot_only           seed  13  makespan    2107  uptime 0.695  detour  23.0%  [ok]  (0.02s)
maze.csv                 depot_only           seed  14  makespan    2112  uptime 0.747  detour  22.5%  [ok]  (0.02s)
maze.csv                 depot_only           seed  15  makespan    2050  uptime 0.702  detour  23.3%  [ok]  (0.02s)
maze.csv                 depot_only           seed  16  makespan    2232  uptime 0.702  detour  23.8%  [ok]  (0.02s)
maze.csv                 depot_only           seed  17  makespan    2278  uptime 0.667  detour  26.1%  [ok]  (0.02s)
maze.csv                 depot_only           seed  18  makespan    2227  uptime 0.747  detour  19.4%  [ok]  (0.02s)
maze.csv                 depot_only           seed  19  makespan    2284  uptime 0.765  detour  15.7%  [ok]  (0.02s)
maze.csv                 depot_only           seed  20  makespan    2170  uptime 0.680  detour  22.2%  [ok]  (0.02s)
maze.csv                 depot_only           seed  21  makespan    2168  uptime 0.750  detour  18.3%  [ok]  (0.02s)
maze.csv                 depot_only           seed  22  makespan    2229  uptime 0.724  detour  19.3%  [ok]  (0.02s)
maze.csv                 depot_only           seed  23  makespan    2229  uptime 0.701  detour  22.1%  [ok]  (0.02s)
maze.csv                 depot_only           seed  24  makespan    1992  uptime 0.778  detour  15.2%  [ok]  (0.02s)
maze.csv                 depot_only           seed  25  makespan    2289  uptime 0.696  detour  21.8%  [ok]  (0.02s)
maze.csv                 depot_only           seed  26  makespan    2112  uptime 0.667  detour  24.9%  [ok]  (0.02s)
maze.csv                 depot_only           seed  27  makespan    2233  uptime 0.713  detour  19.8%  [ok]  (0.02s)
maze.csv                 depot_only           seed  28  makespan    2169  uptime 0.664  detour  22.7%  [ok]  (0.02s)
maze.csv                 depot_only           seed  29  makespan    2225  uptime 0.661  detour  25.4%  [ok]  (0.02s)
maze.csv                 depot_only           seed  30  makespan    2226  uptime 0.751  detour  17.5%  [ok]  (0.02s)
maze.csv                 fixed_station_evrp   seed   1  makespan    2290  uptime 0.693  detour  19.4%  [ok]  (0.02s)
maze.csv                 fixed_station_evrp   seed   2  makespan    2116  uptime 0.688  detour  26.1%  [ok]  (0.02s)
maze.csv                 fixed_station_evrp   seed   3  makespan    2108  uptime 0.745  detour  17.1%  [ok]  (0.02s)
maze.csv                 fixed_station_evrp   seed   4  makespan    2228  uptime 0.730  detour  20.4%  [ok]  (0.02s)
maze.csv                 fixed_station_evrp   seed   5  makespan    2229  uptime 0.759  detour  17.3%  [ok]  (0.02s)
maze.csv                 fixed_station_evrp   seed   6  makespan    2168  uptime 0.692  detour  18.5%  [ok]  (0.02s)
maze.csv                 fixed_station_evrp   seed   7  makespan    2111  uptime 0.706  detour  23.7%  [ok]  (0.02s)
maze.csv                 fixed_station_evrp   seed   8  makespan    2170  uptime 0.693  detour  20.6%  [ok]  (0.02s)
maze.csv                 fixed_station_evrp   seed   9  makespan    2232  uptime 0.718  detour  22.4%  [ok]  (0.02s)
maze.csv                 fixed_station_evrp   seed  10  makespan    2346  uptime 0.726  detour  19.4%  [ok]  (0.02s)
maze.csv                 fixed_station_evrp   seed  11  makespan    2052  uptime 0.776  detour  17.1%  [ok]  (0.02s)
maze.csv                 fixed_station_evrp   seed  12  makespan    2110  uptime 0.699  detour  24.4%  [ok]  (0.02s)
maze.csv                 fixed_station_evrp   seed  13  makespan    2107  uptime 0.695  detour  23.0%  [ok]  (0.02s)
maze.csv                 fixed_station_evrp   seed  14  makespan    2112  uptime 0.747  detour  22.5%  [ok]  (0.02s)
maze.csv                 fixed_station_evrp   seed  15  makespan    2050  uptime 0.702  detour  23.3%  [ok]  (0.02s)
maze.csv                 fixed_station_evrp   seed  16  makespan    2232  uptime 0.702  detour  23.8%  [ok]  (0.02s)
maze.csv                 fixed_station_evrp   seed  17  makespan    2278  uptime 0.667  detour  26.1%  [ok]  (0.02s)
maze.csv                 fixed_station_evrp   seed  18  makespan    2227  uptime 0.747  detour  19.4%  [ok]  (0.02s)
maze.csv                 fixed_station_evrp   seed  19  makespan    2284  uptime 0.765  detour  15.7%  [ok]  (0.02s)
maze.csv                 fixed_station_evrp   seed  20  makespan    2170  uptime 0.680  detour  22.2%  [ok]  (0.02s)
maze.csv                 fixed_station_evrp   seed  21  makespan    2168  uptime 0.750  detour  18.3%  [ok]  (0.02s)
maze.csv                 fixed_station_evrp   seed  22  makespan    2229  uptime 0.724  detour  19.3%  [ok]  (0.02s)
maze.csv                 fixed_station_evrp   seed  23  makespan    2229  uptime 0.701  detour  22.1%  [ok]  (0.02s)
maze.csv                 fixed_station_evrp   seed  24  makespan    1992  uptime 0.778  detour  15.2%  [ok]  (0.02s)
maze.csv                 fixed_station_evrp   seed  25  makespan    2289  uptime 0.696  detour  21.8%  [ok]  (0.02s)
maze.csv                 fixed_station_evrp   seed  26  makespan    2112  uptime 0.667  detour  24.9%  [ok]  (0.02s)
maze.csv                 fixed_station_evrp   seed  27  makespan    2233  uptime 0.713  detour  19.8%  [ok]  (0.02s)
maze.csv                 fixed_station_evrp   seed  28  makespan    2169  uptime 0.664  detour  22.7%  [ok]  (0.02s)
maze.csv                 fixed_station_evrp   seed  29  makespan    2225  uptime 0.661  detour  25.4%  [ok]  (0.02s)
maze.csv                 fixed_station_evrp   seed  30  makespan    2226  uptime 0.751  detour  17.5%  [ok]  (0.02s)
maze.csv                 reactive_drone       seed   1  makespan    2290  uptime 0.693  detour  19.4%  [ok]  (0.01s)
maze.csv                 reactive_drone       seed   2  makespan    2116  uptime 0.688  detour  26.1%  [ok]  (0.01s)
maze.csv                 reactive_drone       seed   3  makespan    2108  uptime 0.745  detour  17.1%  [ok]  (0.01s)
maze.csv                 reactive_drone       seed   4  makespan    2228  uptime 0.730  detour  20.4%  [ok]  (0.01s)
maze.csv                 reactive_drone       seed   5  makespan    2229  uptime 0.759  detour  17.3%  [ok]  (0.01s)
maze.csv                 reactive_drone       seed   6  makespan    2168  uptime 0.692  detour  18.5%  [ok]  (0.01s)
maze.csv                 reactive_drone       seed   7  makespan    2111  uptime 0.706  detour  23.7%  [ok]  (0.01s)
maze.csv                 reactive_drone       seed   8  makespan    2170  uptime 0.693  detour  20.6%  [ok]  (0.01s)
maze.csv                 reactive_drone       seed   9  makespan    2232  uptime 0.718  detour  22.4%  [ok]  (0.01s)
maze.csv                 reactive_drone       seed  10  makespan    2346  uptime 0.726  detour  19.4%  [ok]  (0.01s)
maze.csv                 reactive_drone       seed  11  makespan    2052  uptime 0.776  detour  17.1%  [ok]  (0.01s)
maze.csv                 reactive_drone       seed  12  makespan    2110  uptime 0.699  detour  24.4%  [ok]  (0.01s)
maze.csv                 reactive_drone       seed  13  makespan    2107  uptime 0.695  detour  23.0%  [ok]  (0.01s)
maze.csv                 reactive_drone       seed  14  makespan    2112  uptime 0.747  detour  22.5%  [ok]  (0.01s)
maze.csv                 reactive_drone       seed  15  makespan    2050  uptime 0.702  detour  23.3%  [ok]  (0.01s)
maze.csv                 reactive_drone       seed  16  makespan    2232  uptime 0.702  detour  23.8%  [ok]  (0.01s)
maze.csv                 reactive_drone       seed  17  makespan    2278  uptime 0.667  detour  26.1%  [ok]  (0.01s)
maze.csv                 reactive_drone       seed  18  makespan    2227  uptime 0.747  detour  19.4%  [ok]  (0.01s)
maze.csv                 reactive_drone       seed  19  makespan    2284  uptime 0.765  detour  15.7%  [ok]  (0.01s)
maze.csv                 reactive_drone       seed  20  makespan    2170  uptime 0.680  detour  22.2%  [ok]  (0.01s)
maze.csv                 reactive_drone       seed  21  makespan    2168  uptime 0.750  detour  18.3%  [ok]  (0.01s)
maze.csv                 reactive_drone       seed  22  makespan    2229  uptime 0.724  detour  19.3%  [ok]  (0.01s)
maze.csv                 reactive_drone       seed  23  makespan    2229  uptime 0.701  detour  22.1%  [ok]  (0.01s)
maze.csv                 reactive_drone       seed  24  makespan    1992  uptime 0.778  detour  15.2%  [ok]  (0.01s)
maze.csv                 reactive_drone       seed  25  makespan    2289  uptime 0.696  detour  21.8%  [ok]  (0.01s)
maze.csv                 reactive_drone       seed  26  makespan    2112  uptime 0.667  detour  24.9%  [ok]  (0.01s)
maze.csv                 reactive_drone       seed  27  makespan    2233  uptime 0.713  detour  19.8%  [ok]  (0.01s)
maze.csv                 reactive_drone       seed  28  makespan    2169  uptime 0.664  detour  22.7%  [ok]  (0.01s)
maze.csv                 reactive_drone       seed  29  makespan    2225  uptime 0.661  detour  25.4%  [ok]  (0.01s)
maze.csv                 reactive_drone       seed  30  makespan    2226  uptime 0.751  detour  17.5%  [ok]  (0.01s)
maze.csv                 proactive_fuel       seed   1  makespan    2290  uptime 0.693  detour  19.4%  [ok]  (0.02s)
maze.csv                 proactive_fuel       seed   2  makespan    2116  uptime 0.688  detour  26.1%  [ok]  (0.02s)
maze.csv                 proactive_fuel       seed   3  makespan    2108  uptime 0.745  detour  17.1%  [ok]  (0.02s)
maze.csv                 proactive_fuel       seed   4  makespan    2228  uptime 0.730  detour  20.4%  [ok]  (0.02s)
maze.csv                 proactive_fuel       seed   5  makespan    2229  uptime 0.759  detour  17.3%  [ok]  (0.02s)
maze.csv                 proactive_fuel       seed   6  makespan    2168  uptime 0.692  detour  18.5%  [ok]  (0.02s)
maze.csv                 proactive_fuel       seed   7  makespan    2111  uptime 0.706  detour  23.7%  [ok]  (0.02s)
maze.csv                 proactive_fuel       seed   8  makespan    2170  uptime 0.693  detour  20.6%  [ok]  (0.02s)
maze.csv                 proactive_fuel       seed   9  makespan    2232  uptime 0.718  detour  22.4%  [ok]  (0.02s)
maze.csv                 proactive_fuel       seed  10  makespan    2346  uptime 0.726  detour  19.4%  [ok]  (0.02s)
maze.csv                 proactive_fuel       seed  11  makespan    2052  uptime 0.776  detour  17.1%  [ok]  (0.02s)
maze.csv                 proactive_fuel       seed  12  makespan    2110  uptime 0.699  detour  24.4%  [ok]  (0.02s)
maze.csv                 proactive_fuel       seed  13  makespan    2107  uptime 0.695  detour  23.0%  [ok]  (0.02s)
maze.csv                 proactive_fuel       seed  14  makespan    2112  uptime 0.747  detour  22.5%  [ok]  (0.02s)
maze.csv                 proactive_fuel       seed  15  makespan    2050  uptime 0.702  detour  23.3%  [ok]  (0.02s)
maze.csv                 proactive_fuel       seed  16  makespan    2232  uptime 0.702  detour  23.8%  [ok]  (0.02s)
maze.csv                 proactive_fuel       seed  17  makespan    2278  uptime 0.667  detour  26.1%  [ok]  (0.02s)
maze.csv                 proactive_fuel       seed  18  makespan    2227  uptime 0.747  detour  19.4%  [ok]  (0.02s)
maze.csv                 proactive_fuel       seed  19  makespan    2284  uptime 0.765  detour  15.7%  [ok]  (0.02s)
maze.csv                 proactive_fuel       seed  20  makespan    2170  uptime 0.680  detour  22.2%  [ok]  (0.02s)
maze.csv                 proactive_fuel       seed  21  makespan    2168  uptime 0.750  detour  18.3%  [ok]  (0.02s)
maze.csv                 proactive_fuel       seed  22  makespan    2229  uptime 0.724  detour  19.3%  [ok]  (0.02s)
maze.csv                 proactive_fuel       seed  23  makespan    2229  uptime 0.701  detour  22.1%  [ok]  (0.02s)
maze.csv                 proactive_fuel       seed  24  makespan    1992  uptime 0.778  detour  15.2%  [ok]  (0.02s)
maze.csv                 proactive_fuel       seed  25  makespan    2289  uptime 0.696  detour  21.8%  [ok]  (0.02s)
maze.csv                 proactive_fuel       seed  26  makespan    2112  uptime 0.667  detour  24.9%  [ok]  (0.02s)
maze.csv                 proactive_fuel       seed  27  makespan    2233  uptime 0.713  detour  19.8%  [ok]  (0.02s)
maze.csv                 proactive_fuel       seed  28  makespan    2169  uptime 0.664  detour  22.7%  [ok]  (0.02s)
maze.csv                 proactive_fuel       seed  29  makespan    2225  uptime 0.661  detour  25.4%  [ok]  (0.02s)
maze.csv                 proactive_fuel       seed  30  makespan    2226  uptime 0.751  detour  17.5%  [ok]  (0.02s)

====================================================================================================
metric                              depot_onlyfixed_station_evrp    reactive_drone    proactive_fuel
----------------------------------------------------------------------------------------------------
makespan                         2183.1±82.7       2183.1±82.7       2183.1±82.7       2183.1±82.7  
total_truck_distance            11840.3±472.4     11840.3±472.4     11840.3±472.4     11840.3±472.4 
active_distance                  9356.1±524.2      9356.1±524.2      9356.1±524.2      9356.1±524.2 
detour_distance                  2484.2±376.7      2484.2±376.7      2484.2±376.7      2484.2±376.7 
detour_percentage                  21.0±3.1          21.0±3.1          21.0±3.1          21.0±3.1   
uptime_ratio                        0.7±0.0           0.7±0.0           0.7±0.0           0.7±0.0   
hold_frames                         0.0±0.0           0.0±0.0           0.0±0.0           0.0±0.0   
stranded_frames                     0.0±0.0           0.0±0.0           0.0±0.0           0.0±0.0   
total_swaps                         0.0±0.0           0.0±0.0           0.0±0.0           0.0±0.0   
drone_flight_distance               0.0±0.0           0.0±0.0           0.0±0.0           0.0±0.0   
drone_energy                        0.0±0.0           0.0±0.0           0.0±0.0           0.0±0.0   
drone_efficiency_percentage         0.0±0.0           0.0±0.0           0.0±0.0           0.0±0.0   
max_route_length                 2127.6±80.4       2127.6±80.4       2127.6±80.4       2127.6±80.4  
completed/30                                30                30                30                30
fuel_violations                              0                 0                 0                 0
strand_events                                0                 0                 0                 0
====================================================================================================

Per-run rows written to results/paired_default/benchmark_results.csv
